2026-03-02 00:05:52 INFO ONU-SUL-4512 porta GPON0/1/11 ativada
ts=2026-03-02T00:20:55 host=RADIO-OESTE-01 sev=crit msg="enlace fora do ar"
ts=2026-03-02T00:41:55 host=RADIO-OESTE-01 sev=warn msg="enlace degradado"

Mar  2 01:05:16 SWITCH-CENTRO-01 %LINEPROTO-5-UPDOWN: Line protocol on Interface Gi0/15, changed state to up
2026-03-02 01:12:07 WARNING OLT-SUL-03 potencia optica degradada: -27.2 dBm
ts=2026-03-02T01:34:57 host=RADIO-OESTE-01 sev=warn msg="enlace degradado"
Mar  2 01:37:41 SWITCH-NORTE-02 %LINK-3-UPDOWN: Interface Gi0/5, changed state to up
Mar  2 01:40:56 SWITCH-CENTRO-01 %LINK-3-UPDOWN: Interface Gi0/16, changed state to down
2026-03-02 01:43:48 CRITICAL OLT-CENTRO-01 perda de sinal na porta GPON0/1/11
Mar  2 01:53:49 SWITCH-CENTRO-01 %LINK-3-UPDOWN: Interface Gi0/13, changed state to down
2026-03-02 01:59:02 INFO OLT-NORTE-02 porta GPON0/1/8 ativada
ts=2026-03-02T02:18:30 host=RADIO-OESTE-01 sev=warn msg="rssi abaixo do limite: -76 dBm"
-- MARK --
ts=2026-03-02T13:10:00 host=RADIO-OESTE-01
Mar  2 02:52:16 SWITCH-CENTRO-01 %SYS-2-MALLOCFAIL: Memory allocation of 4096 bytes failed
ts=2026-03-02T02:54:13 host=RADIO-OESTE-01 sev=info msg="modulacao ajustada para 64QAM"
Mar  2 03:15:16 SWITCH-NORTE-02 %ENVMON-4-TEMP: Temperature above threshold: 66 C
ts=2026-03-02T03:40:09 host=RADIO-OESTE-01 sev=warn msg="rssi abaixo do limite: -78 dBm"
Mar  2 04:01:56 SWITCH-NORTE-02 %ENVMON-4-TEMP: Temperature above threshold: 65 C
2026-03-02 04:15:45 WARNING ONU-SUL-4512 potencia optica degradada: -27.2 dBm
2026-03-02 04:16:52 INFO OLT-SUL-03 porta GPON0/1/11 ativada
2026-03-02 04:27:31 CRITICAL ONU-SUL-4512 perda de sinal na porta GPON0/1/11
Mar  2 04:43:48 SWITCH-NORTE-02 %SYS-2-MALLOCFAIL: Memory allocation of 4096 bytes failed
2026-03-02 05:02:27 CRITICAL ONU-SUL-4512 perda de sinal na porta GPON0/1/10
2026-03-02 05:27:24 INFO ONU-SUL-4512 porta GPON0/1/10 ativada
2026-03-02 05:37:46 WARNING OLT-NORTE-02 potencia optica degradada: -28.2 dBm
Mar  2 05:54:01 SWITCH-NORTE-02 %LINEPROTO-5-UPDOWN: Line protocol on Interface Gi0/11, changed state to up
Mar  2 06:01:28 SWITCH-NORTE-02 %SYS-2-MALLOCFAIL: Memory allocation of 4096 bytes failed
ts=2026-03-02T06:14:12 host=RADIO-OESTE-01 sev=crit msg="enlace fora do ar"
2026-03-02 06:31:26 CRITICAL OLT-SUL-03 perda de sinal na porta GPON0/1/7
2026-03-02 06:40:23 CRITICAL OLT-SUL-03 perda de sinal na porta GPON0/1/9
2026-03-02 11:4
2026-03-02 07:10:00 WARNING ONU-SUL-4512 potencia optica degradada: -24.6 dBm
Mar  2 07:30:42 SWITCH-NORTE-02 %LINK-3-UPDOWN: Interface Gi0/7, changed state to up
2026-03-02 07:43:38 WARNING ONU-SUL-4512 potencia optica degradada: -29.0 dBm
2026-03-02 07:45:46 INFO OLT-CENTRO-01 porta GPON0/1/3 ativada
Mar  2 07:50:06 SWITCH-CENTRO-01 %LINK-3-UPDOWN: Interface Gi0/9, changed state to down
Mar  2 08:10:52 SWITCH-NORTE-02 %LINEPROTO-5-UPDOWN: Line protocol on Interface Gi0/6, changed state to up
Mar  2 12:00:01 SWITCH-CENTRO-01 %LINK-X-UPDOWN: Interface Gi0/1, changed state to down
2026-03-02 08:41:29 CRITICAL OLT-CENTRO-01 perda de sinal na porta GPON0/1/9
Mar  2 08:49:31 SWITCH-CENTRO-01 %SYS-5-CONFIG_I: Configured from console by admin
Mar  2 09:00:01 SWITCH-NORTE-02 %LINK-3-UPDOWN: Interface Gi0/7, changed state to down
ts=2026-03-02T09:18:41 host=RADIO-OESTE-01 sev=warn msg="rssi abaixo do limite: -73 dBm"
2026-03-02 09:38:12 INFO OLT-NORTE-02 porta GPON0/1/12 ativada
Mar  2 09:51:59 SWITCH-CENTRO-01 %LINK-3-UPDOWN: Interface Gi0/5, changed state to down
2026-03-02 09:59:43 WARNING OLT-CENTRO-01 potencia optica degradada: -27.3 dBm
2026-03-02 10:00:48 CRITICAL OLT-SUL-03 perda de sinal na porta GPON0/1/6
2026-03-02 10:01:56 CRITICAL OLT-NORTE-02 perda de sinal na porta GPON0/1/14
2026-03-02 10:14:05 INFO OLT-CENTRO-01 porta GPON0/1/7 ativada
Mar  2 10:15:20 SWITCH-CENTRO-01 %SYS-5-CONFIG_I: Configured from console by admin
Mar  2 10:30:08 SWITCH-CENTRO-01 %LINK-3-UPDOWN: Interface Gi0/10, changed state to up
Mar  2 10:32:56 SWITCH-CENTRO-01 %LINK-3-UPDOWN: Interface Gi0/16, changed state to down
ts=2026-03-02T10:53:11 host=RADIO-OESTE-01 sev=info msg="modulacao ajustada para 16QAM"
ts=2026-03-02T11:09:03 host=RADIO-OESTE-01 sev=warn msg="rssi abaixo do limite: -79 dBm"
2026-03-02 11:28:05 INFO OLT-SUL-03 porta GPON0/1/12 ativada
2026-03-02 11:48:13 INFO OLT-NORTE-02 porta GPON0/1/15 ativada
Mar  2 12:00:49 SWITCH-CENTRO-01 %SYS-2-MALLOCFAIL: Memory allocation of 65536 bytes failed
ts=2026-03-02T12:05:35 host=RADIO-OESTE-01 sev=warn msg="rssi abaixo do limite: -77 dBm"
ts=2026-03-02T12:21:17 host=RADIO-OESTE-01 sev=warn msg="enlace degradado"
